---
source: src/parser/references.rs
expression: message_refs
---
[]
