---
source: src/parser/hover.rs
expression: title
---
- language: adl
  value: String title;
