---
source: src/parser/hover.rs
expression: message
---
- language: adl
  value: "/// A message is a piece of content that can be sent to a user.\n    struct Message {\n        String title;\n        String body;\n    };"
