---
source: src/parser/references.rs
expression: name_refs
---
- uri: "file://input/message.adl"
  range:
    start:
      line: 11
      character: 8
    end:
      line: 11
      character: 12
