---
source: src/parser/definition.rs
expression: string
---
[]
