---
source: src/parser/references.rs
expression: string_refs
---
[]
