---
source: src/parser/hover.rs
expression: body
---
[]
